I'll help you create new phases and SDDs based on the product requirements. Let me start by reading the necessary files.

● List directory .sdd/skills/sdd-planner
  └ 1 file found

● List directory .specs

● List directory .sdd/product_requirements/establish_go_backend_architecture
  └ 2 files found

Now let me read the key files:

● Read idealization.md
  │ .sdd/product_requirements/establish_go_backend_architecture/idealization.md
  └ 1 line read

● Read SKILL.md
  │ .sdd/skills/sdd-planner/SKILL.md
  └ 277 lines read

Now let me read the idealization.md file in sections:

● Read idealization.md
  │ .sdd/product_requirements/establish_go_backend_architecture/idealization.md
  └ L1:100 (100 lines read)

● Read idealization.md
  │ .sdd/product_requirements/establish_go_backend_architecture/idealization.md
  └ L100:250 (151 lines read)

Let me continue reading the rest:

● Read idealization.md
  │ .sdd/product_requirements/establish_go_backend_architecture/idealization.md
  └ L250:400 (151 lines read)

● Read idealization.md
  │ .sdd/product_requirements/establish_go_backend_architecture/idealization.md
  └ L400:600 (157 lines read)

Now let me check the existing specs structure and conventions:

● Read conventions.md
  │ .sdd/conventions.md
  └ 13 lines read

● List existing SDD specs (shell)
  │ find /home/meiryanne/Documentos/aplicações\ em\ go/imerscafe-backend/.specs -type f -name
  │ "*.sdd.md" 2>/dev/null | head -20
  └ 1 line…

Now I need to check if there's a spec config file to see what the next available SDD ID is:

● Check for SDD config or existing specs (shell)
  │ find /home/meiryanne/Documentos/aplicações\ em\ go/imerscafe-backend -name "*.sdd.md" -o -name
  │ "sdd-config*" -o -name ".sdd.config*" 2>/dev/null | head -20
  └ 1 line…

Let me check the project structure:

● Check .specs directory (shell)
  │ ls -la /home/meiryanne/Documentos/aplicações\ em\ go/imerscafe-backend/.specs 2>/dev/null ||
  │ echo "No .specs directory found"
  └ 4 lines…

Now I have all the context. Let me create the SDD specs using the SDD Planner skill. Based on the idealization document, I need to decompose the architecture requirements into executable specs. Let me create a comprehensive set of SDDs organized into phases.